// Jest Snapshot v1, https://goo.gl/fbAQLP

exports[`Pruebas en <GifItem /> should  match snapshot 1`] = `
<div>
  <div
    class="card"
  >
    <img
      alt="Alf"
      src="https://alf.com"
    />
    <p>
      Alf
    </p>
  </div>
</div>
`;
